95
0 6 -1
0 6 -1
0 7 1
0 7 1
0 7 1
0 9 1
0 9 1
0 9 1
0 10 -1
0 11 -1
0 12 1
0 12 1
1 5 -1
1 5 -1
1 6 -1
1 7 -1
1 9 1
1 9 1
1 10 1
1 10 1
1 11 -1
1 12 1
2 5 1
2 5 1
2 5 1
2 6 -1
2 6 -1
2 7 1
2 12 -1
3 5 -1
3 7 -1
3 7 -1
3 8 -1
3 11 -1
3 12 1
4 4 1
4 5 1
4 5 1
4 5 1
4 7 -1
4 8 1
4 10 1
4 10 1
4 12 -1
4 12 -1
5 1 1
5 12 -1
6 0 1
6 0 1
6 2 1
6 4 1
6 8 1
6 10 1
6 11 -1
6 12 1
6 12 1
6 12 1
7 0 1
7 0 1
7 0 1
7 1 1
7 2 -1
7 10 -1
8 1 -1
8 1 -1
8 2 -1
8 6 1
8 9 -1
8 9 -1
8 10 1
8 10 1
9 1 1
9 1 1
9 2 1
9 3 -1
9 4 1
10 0 -1
10 1 1
10 7 1
11 0 1
11 0 1
11 4 1
11 4 1
11 4 1
11 6 1
11 6 1
12 0 -1
12 1 1
12 1 1
12 1 1
12 2 -1
12 2 -1
12 4 1
12 4 1
12 6 -1
